2025-12-21 21:49:37 | DEBUG | proactor_events.py:629 | Using proactor: IocpProactor
2025-12-21 21:49:37 | INFO | PiplineQ.py:176 | 🚀 Starting pipeline...
2025-12-21 21:49:37 | DEBUG | PiplineQ.py:179 | [Pipeline] Limit=3, download_workers=3, conv_workers=6, save_workers=4
2025-12-21 21:49:37 | INFO | PiplineQ.py:68 | ⬇️ Fetching image URLs...
2025-12-21 21:49:39 | DEBUG | PiplineQ.py:77 | [Fetcher] Received 3 items from API
2025-12-21 21:49:39 | DEBUG | PiplineQ.py:81 | [Fetcher] Putting in queue: idx=1, breed=Cornish Rex, url=https://cdn2.thecatapi.com/images/8CuEPFNuD.jpg
2025-12-21 21:49:39 | DEBUG | PiplineQ.py:81 | [Fetcher] Putting in queue: idx=2, breed=Munchkin, url=https://cdn2.thecatapi.com/images/mZZzMlywy.jpg
2025-12-21 21:49:39 | DEBUG | PiplineQ.py:81 | [Fetcher] Putting in queue: idx=3, breed=Munchkin, url=https://cdn2.thecatapi.com/images/B1dwPGuL0.jpg
2025-12-21 21:49:39 | DEBUG | PiplineQ.py:93 | [Downloader 0] Queue size before get: 5
2025-12-21 21:49:39 | INFO | PiplineQ.py:102 | ⬇️ [Downloader 0] Downloading image 1: Cornish Rex
2025-12-21 21:49:39 | DEBUG | PiplineQ.py:93 | [Downloader 1] Queue size before get: 4
2025-12-21 21:49:39 | INFO | PiplineQ.py:102 | ⬇️ [Downloader 1] Downloading image 2: Munchkin
2025-12-21 21:49:39 | DEBUG | PiplineQ.py:93 | [Downloader 2] Queue size before get: 3
2025-12-21 21:49:39 | INFO | PiplineQ.py:102 | ⬇️ [Downloader 2] Downloading image 3: Munchkin
2025-12-21 21:49:40 | DEBUG | PiplineQ.py:105 | [Downloader 0] Downloaded 162168 bytes for idx=1
2025-12-21 21:49:40 | DEBUG | PiplineQ.py:109 | [Downloader 0] Image shape after decode: (768, 1024, 3)
2025-12-21 21:49:40 | DEBUG | PiplineQ.py:93 | [Downloader 0] Queue size before get: 2
2025-12-21 21:49:40 | DEBUG | PiplineQ.py:47 | [PipelineState] Downloader finished. Remaining: 2
2025-12-21 21:49:40 | DEBUG | PiplineQ.py:125 | [Processor 0] Queue size before get: 0
2025-12-21 21:49:40 | INFO | PiplineQ.py:133 | ⚙️ [Processor 0] Processing image 1
2025-12-21 21:49:40 | DEBUG | PiplineQ.py:134 | [Processor 0] Image shape: (768, 1024, 3)
2025-12-21 21:49:40 | INFO | PiplineQ.py:115 | ✅ [Downloader 0] Processed 1 images
2025-12-21 21:49:40 | DEBUG | PiplineQ.py:26 | [ConvolutionWorker] Start processing idx=1, breed=Cornish Rex, image shape=(768, 1024, 3)
2025-12-21 21:49:40 | DEBUG | PiplineQ.py:105 | [Downloader 2] Downloaded 169522 bytes for idx=3
2025-12-21 21:49:40 | DEBUG | PiplineQ.py:109 | [Downloader 2] Image shape after decode: (650, 1250, 3)
2025-12-21 21:49:40 | DEBUG | PiplineQ.py:93 | [Downloader 2] Queue size before get: 1
2025-12-21 21:49:40 | DEBUG | PiplineQ.py:47 | [PipelineState] Downloader finished. Remaining: 1
2025-12-21 21:49:40 | DEBUG | PiplineQ.py:125 | [Processor 1] Queue size before get: 0
2025-12-21 21:49:40 | INFO | PiplineQ.py:133 | ⚙️ [Processor 1] Processing image 3
2025-12-21 21:49:40 | DEBUG | PiplineQ.py:134 | [Processor 1] Image shape: (650, 1250, 3)
2025-12-21 21:49:40 | INFO | PiplineQ.py:115 | ✅ [Downloader 2] Processed 1 images
2025-12-21 21:49:40 | DEBUG | PiplineQ.py:105 | [Downloader 1] Downloaded 146065 bytes for idx=2
2025-12-21 21:49:40 | DEBUG | PiplineQ.py:109 | [Downloader 1] Image shape after decode: (950, 950, 3)
2025-12-21 21:49:40 | DEBUG | PiplineQ.py:93 | [Downloader 1] Queue size before get: 0
2025-12-21 21:49:40 | DEBUG | PiplineQ.py:47 | [PipelineState] Downloader finished. Remaining: 0
2025-12-21 21:49:40 | DEBUG | PiplineQ.py:125 | [Processor 2] Queue size before get: 6
2025-12-21 21:49:40 | INFO | PiplineQ.py:133 | ⚙️ [Processor 2] Processing image 2
2025-12-21 21:49:40 | DEBUG | PiplineQ.py:134 | [Processor 2] Image shape: (950, 950, 3)
2025-12-21 21:49:40 | DEBUG | PiplineQ.py:125 | [Processor 3] Queue size before get: 5
2025-12-21 21:49:40 | DEBUG | PiplineQ.py:52 | [PipelineState] Processor finished. Remaining: 5
2025-12-21 21:49:40 | INFO | PiplineQ.py:144 | ✅ [Processor 3] Processed 0 images
2025-12-21 21:49:40 | DEBUG | PiplineQ.py:125 | [Processor 4] Queue size before get: 4
2025-12-21 21:49:40 | DEBUG | PiplineQ.py:52 | [PipelineState] Processor finished. Remaining: 4
2025-12-21 21:49:40 | INFO | PiplineQ.py:144 | ✅ [Processor 4] Processed 0 images
2025-12-21 21:49:40 | DEBUG | PiplineQ.py:125 | [Processor 5] Queue size before get: 3
2025-12-21 21:49:40 | DEBUG | PiplineQ.py:52 | [PipelineState] Processor finished. Remaining: 3
2025-12-21 21:49:40 | INFO | PiplineQ.py:144 | ✅ [Processor 5] Processed 0 images
2025-12-21 21:49:40 | INFO | PiplineQ.py:115 | ✅ [Downloader 1] Processed 1 images
2025-12-21 21:49:40 | DEBUG | PiplineQ.py:201 | [Pipeline] Download results: [1, 1, 1]
2025-12-21 21:49:40 | DEBUG | PiplineQ.py:26 | [ConvolutionWorker] Start processing idx=3, breed=Munchkin, image shape=(650, 1250, 3)
2025-12-21 21:49:41 | DEBUG | PiplineQ.py:26 | [ConvolutionWorker] Start processing idx=2, breed=Munchkin, image shape=(950, 950, 3)
2025-12-21 21:49:49 | DEBUG | PiplineQ.py:36 | [ConvolutionWorker] Finished processing idx=1
2025-12-21 21:49:49 | DEBUG | PiplineQ.py:125 | [Processor 0] Queue size before get: 2
2025-12-21 21:49:49 | DEBUG | PiplineQ.py:52 | [PipelineState] Processor finished. Remaining: 2
2025-12-21 21:49:49 | INFO | PiplineQ.py:144 | ✅ [Processor 0] Processed 1 images
2025-12-21 21:49:49 | DEBUG | PiplineQ.py:161 | [Saver] Saving original image for idx=1, shape=(768, 1024, 3)
2025-12-21 21:49:49 | INFO | PiplineQ.py:167 | 💾 Saved: 1_Cornish_Rex_original.png
2025-12-21 21:49:49 | DEBUG | PiplineQ.py:161 | [Saver] Saving cv_edges image for idx=1, shape=(768, 1024)
2025-12-21 21:49:49 | INFO | PiplineQ.py:167 | 💾 Saved: 1_Cornish_Rex_cv_edges.png
2025-12-21 21:49:49 | DEBUG | PiplineQ.py:161 | [Saver] Saving my_edges image for idx=1, shape=(768, 1024)
2025-12-21 21:49:49 | INFO | PiplineQ.py:167 | 💾 Saved: 1_Cornish_Rex_my_edges.png
2025-12-21 21:49:50 | DEBUG | PiplineQ.py:36 | [ConvolutionWorker] Finished processing idx=3
2025-12-21 21:49:50 | DEBUG | PiplineQ.py:125 | [Processor 1] Queue size before get: 1
2025-12-21 21:49:50 | DEBUG | PiplineQ.py:52 | [PipelineState] Processor finished. Remaining: 1
2025-12-21 21:49:50 | INFO | PiplineQ.py:144 | ✅ [Processor 1] Processed 1 images
2025-12-21 21:49:50 | DEBUG | PiplineQ.py:161 | [Saver] Saving original image for idx=3, shape=(650, 1250, 3)
2025-12-21 21:49:50 | INFO | PiplineQ.py:167 | 💾 Saved: 3_Munchkin_original.png
2025-12-21 21:49:50 | DEBUG | PiplineQ.py:161 | [Saver] Saving cv_edges image for idx=3, shape=(650, 1250)
2025-12-21 21:49:50 | INFO | PiplineQ.py:167 | 💾 Saved: 3_Munchkin_cv_edges.png
2025-12-21 21:49:50 | DEBUG | PiplineQ.py:161 | [Saver] Saving my_edges image for idx=3, shape=(650, 1250)
2025-12-21 21:49:50 | INFO | PiplineQ.py:167 | 💾 Saved: 3_Munchkin_my_edges.png
2025-12-21 21:49:51 | DEBUG | PiplineQ.py:36 | [ConvolutionWorker] Finished processing idx=2
2025-12-21 21:49:51 | DEBUG | PiplineQ.py:125 | [Processor 2] Queue size before get: 0
2025-12-21 21:49:51 | DEBUG | PiplineQ.py:52 | [PipelineState] Processor finished. Remaining: 0
2025-12-21 21:49:51 | INFO | PiplineQ.py:144 | ✅ [Processor 2] Processed 1 images
2025-12-21 21:49:51 | DEBUG | PiplineQ.py:161 | [Saver] Saving original image for idx=2, shape=(950, 950, 3)
2025-12-21 21:49:51 | INFO | PiplineQ.py:171 | ✅ [Saver] Saved 0 images total
2025-12-21 21:49:51 | DEBUG | PiplineQ.py:204 | [Pipeline] Convolution results: [1, 1, 1, 0, 0, 0]
2025-12-21 21:49:51 | INFO | PiplineQ.py:171 | ✅ [Saver] Saved 3 images total
2025-12-21 21:49:51 | INFO | PiplineQ.py:171 | ✅ [Saver] Saved 3 images total
2025-12-21 21:49:51 | INFO | PiplineQ.py:167 | 💾 Saved: 2_Munchkin_original.png
2025-12-21 21:49:51 | DEBUG | PiplineQ.py:161 | [Saver] Saving cv_edges image for idx=2, shape=(950, 950)
2025-12-21 21:49:51 | INFO | PiplineQ.py:167 | 💾 Saved: 2_Munchkin_cv_edges.png
2025-12-21 21:49:51 | DEBUG | PiplineQ.py:161 | [Saver] Saving my_edges image for idx=2, shape=(950, 950)
2025-12-21 21:49:51 | INFO | PiplineQ.py:167 | 💾 Saved: 2_Munchkin_my_edges.png
2025-12-21 21:49:51 | INFO | PiplineQ.py:171 | ✅ [Saver] Saved 3 images total
2025-12-21 21:49:51 | DEBUG | PiplineQ.py:209 | [Pipeline] Save results: [3, 3, 3, 0]
2025-12-21 21:49:52 | INFO | PiplineQ.py:217 | ============================================================
2025-12-21 21:49:52 | INFO | PiplineQ.py:218 | 📊 PIPELINE STATISTICS:
2025-12-21 21:49:52 | INFO | PiplineQ.py:219 |    Total downloaded: 3
2025-12-21 21:49:52 | INFO | PiplineQ.py:220 |    Total processed: 3
2025-12-21 21:49:52 | INFO | PiplineQ.py:221 |    Total saved: [3, 3, 3, 0]
2025-12-21 21:49:52 | INFO | PiplineQ.py:222 |    Total time: 14.13 seconds
2025-12-21 21:49:52 | INFO | PiplineQ.py:223 | 🎉 Pipeline completed successfully!
